[
  "displayBeforeCarrier",
  "displayCarrierExtraContent",
  "actionCarrierProcess",
  "actionOrderGridDefinitionModifier",
  "actionOrderGridPresenterModifier",
  "actionObjectCustomerMessageAddAfter",
  "displayAdminOrderMain",
  "actionProductUpdate",
  "displayAdminProductsExtra",
  "displayAdminAfterHeader",
  "displayAdminEndContent",
  "displayBackOfficeHeader",
  "displayHeader",
  "actionFilterDeliveryOptionList",
  "actionCarrierUpdate"
]
