{
  "billingAddress": {
    "city": "Hoofddorp",
    "person": "Meredith Mailbox",
    "postalCode": "2132JE",
    "street": "Antareslaan 31 (Billing)",
    "streetAdditionalInfo": "(Billing)"
  },
  "deliveryOptions": {
    "carrier": {
      "enabled": true,
      "externalIdentifier": "postnl",
      "human": "PostNL",
      "id": 1,
      "isDefault": true,
      "name": "postnl",
      "optional": false,
      "primary": false,
      "type": "main"
    },
    "deliveryType": "standard",
    "labelAmount": 1,
    "packageType": "package",
    "shipmentOptions": {
      "ageCheck": -1,
      "collect": -1,
      "hideSender": -1,
      "insurance": -1,
      "largeFormat": -1,
      "onlyRecipient": -1,
      "receiptCode": -1,
      "return": -1,
      "sameDayDelivery": -1,
      "signature": -1,
      "tracked": -1
    }
  },
  "exported": false,
  "externalIdentifier": "1",
  "lines": [],
  "notes": [],
  "orderPrice": 0,
  "orderPriceAfterVat": 0,
  "orderVat": 0,
  "physicalProperties": {
    "initialWeight": 0,
    "manualWeight": -1,
    "totalWeight": 0
  },
  "referenceIdentifier": "PrestaShop: 1",
  "shipmentPrice": 0,
  "shipmentPriceAfterVat": 0,
  "shipmentVat": 0,
  "shipments": [],
  "shippingAddress": {
    "city": "Hoofddorp",
    "person": "Meredith Mailbox",
    "postalCode": "2132JE",
    "street": "Antareslaan 31"
  },
  "totalPrice": 0,
  "totalPriceAfterVat": 0,
  "totalVat": 0
}
