[
    {
        "orderId": "1",
        "multiCollo": false,
        "updated": "2099-01-01 00:00:00",
        "id": 10000,
        "referenceIdentifier": "1",
        "barcode": "3SMYPA1234567",
        "carrier": {
            "externalIdentifier": "postnl"
        },
        "delayed": false,
        "delivered": false,
        "deliveryOptions": {
            "carrier": {
                "externalIdentifier": "postnl"
            },
            "labelAmount": 1,
            "shipmentOptions": {
                "insurance": -1,
                "ageCheck": -1,
                "return": -1,
                "hideSender": -1,
                "largeFormat": -1,
                "onlyRecipient": -1,
                "receiptCode": -1,
                "sameDayDelivery": -1,
                "signature": -1,
                "tracked": -1,
                "collect": -1
            },
            "deliveryType": "standard",
            "packageType": "package"
        },
        "hidden": false,
        "isReturn": false,
        "partnerTrackTraces": [],
        "price": {
            "amount": 0,
            "currency": "EUR"
        },
        "status": 0
    }
]
